This is pdfTeX, Version 3.141592653-2.6-1.40.25 (MiKTeX 24.1) (preloaded format=pdflatex.fmt)
 restricted \write18 enabled.
entering extended mode
(analysis_report_simple.tex
LaTeX2e <2023-11-01> patch level 1
L3 programming layer <2024-01-04>
(C:\Users\anden\AppData\Local\Programs\MiKTeX\tex/latex/base\article.cls
Document Class: article 2023/05/17 v1.4n Standard LaTeX document class
(C:\Users\anden\AppData\Local\Programs\MiKTeX\tex/latex/base\size11.clo))
(C:\Users\anden\AppData\Local\Programs\MiKTeX\tex/latex/base\inputenc.sty)
(C:\Users\anden\AppData\Local\Programs\MiKTeX\tex/latex/base\fontenc.sty)
(C:\Users\anden\AppData\Local\Programs\MiKTeX\tex/latex/geometry\geometry.sty
(C:\Users\anden\AppData\Local\Programs\MiKTeX\tex/latex/graphics\keyval.sty)
(C:\Users\anden\AppData\Local\Programs\MiKTeX\tex/generic/iftex\ifvtex.sty
(C:\Users\anden\AppData\Local\Programs\MiKTeX\tex/generic/iftex\iftex.sty))
(C:\Users\anden\AppData\Local\Programs\MiKTeX\tex/latex/geometry\geometry.cfg))
(C:\Users\anden\AppData\Local\Programs\MiKTeX\tex/latex/graphics\graphicx.sty
(C:\Users\anden\AppData\Local\Programs\MiKTeX\tex/latex/graphics\graphics.sty
(C:\Users\anden\AppData\Local\Programs\MiKTeX\tex/latex/graphics\trig.sty)
(C:\Users\anden\AppData\Local\Programs\MiKTeX\tex/latex/graphics-cfg\graphics.c
fg)
(C:\Users\anden\AppData\Local\Programs\MiKTeX\tex/latex/graphics-def\pdftex.def
)))
(C:\Users\anden\AppData\Local\Programs\MiKTeX\tex/latex/booktabs\booktabs.sty)
(C:\Users\anden\AppData\Local\Programs\MiKTeX\tex/latex/tools\longtable.sty)
(C:\Users\anden\AppData\Local\Programs\MiKTeX\tex/latex/amsmath\amsmath.sty
For additional information on amsmath, use the `?' option.
(C:\Users\anden\AppData\Local\Programs\MiKTeX\tex/latex/amsmath\amstext.sty
(C:\Users\anden\AppData\Local\Programs\MiKTeX\tex/latex/amsmath\amsgen.sty))
(C:\Users\anden\AppData\Local\Programs\MiKTeX\tex/latex/amsmath\amsbsy.sty)
(C:\Users\anden\AppData\Local\Programs\MiKTeX\tex/latex/amsmath\amsopn.sty))
(C:\Users\anden\AppData\Local\Programs\MiKTeX\tex/latex/amsfonts\amssymb.sty
(C:\Users\anden\AppData\Local\Programs\MiKTeX\tex/latex/amsfonts\amsfonts.sty))
 (C:\Users\anden\AppData\Local\Programs\MiKTeX\tex/latex/hyperref\hyperref.sty
(C:\Users\anden\AppData\Local\Programs\MiKTeX\tex/generic/infwarerr\infwarerr.s
ty)
(C:\Users\anden\AppData\Local\Programs\MiKTeX\tex/latex/kvsetkeys\kvsetkeys.sty
)
(C:\Users\anden\AppData\Local\Programs\MiKTeX\tex/generic/kvdefinekeys\kvdefine
keys.sty)
(C:\Users\anden\AppData\Local\Programs\MiKTeX\tex/generic/pdfescape\pdfescape.s
ty
(C:\Users\anden\AppData\Local\Programs\MiKTeX\tex/generic/ltxcmds\ltxcmds.sty)
(C:\Users\anden\AppData\Local\Programs\MiKTeX\tex/generic/pdftexcmds\pdftexcmds
.sty))
(C:\Users\anden\AppData\Local\Programs\MiKTeX\tex/latex/hycolor\hycolor.sty)
(C:\Users\anden\AppData\Local\Programs\MiKTeX\tex/latex/letltxmacro\letltxmacro
.sty)
(C:\Users\anden\AppData\Local\Programs\MiKTeX\tex/latex/auxhook\auxhook.sty)
(C:\Users\anden\AppData\Local\Programs\MiKTeX\tex/latex/hyperref\nameref.sty
(C:\Users\anden\AppData\Local\Programs\MiKTeX\tex/latex/refcount\refcount.sty)
(C:\Users\anden\AppData\Local\Programs\MiKTeX\tex/generic/gettitlestring\gettit
lestring.sty
(C:\Users\anden\AppData\Local\Programs\MiKTeX\tex/latex/kvoptions\kvoptions.sty
)))
(C:\Users\anden\AppData\Local\Programs\MiKTeX\tex/latex/etoolbox\etoolbox.sty)
(C:\Users\anden\AppData\Local\Programs\MiKTeX\tex/latex/hyperref\pd1enc.def)
(C:\Users\anden\AppData\Local\Programs\MiKTeX\tex/generic/intcalc\intcalc.sty)
(C:\Users\anden\AppData\Local\Programs\MiKTeX\tex/latex/hyperref\puenc.def)
(C:\Users\anden\AppData\Local\Programs\MiKTeX\tex/latex/url\url.sty)
(C:\Users\anden\AppData\Local\Programs\MiKTeX\tex/generic/bitset\bitset.sty
(C:\Users\anden\AppData\Local\Programs\MiKTeX\tex/generic/bigintcalc\bigintcalc
.sty))
(C:\Users\anden\AppData\Local\Programs\MiKTeX\tex/latex/base\atbegshi-ltx.sty))
(C:\Users\anden\AppData\Local\Programs\MiKTeX\tex/latex/hyperref\hpdftex.def
(C:\Users\anden\AppData\Local\Programs\MiKTeX\tex/latex/base\atveryend-ltx.sty)

(C:\Users\anden\AppData\Local\Programs\MiKTeX\tex/latex/rerunfilecheck\rerunfil
echeck.sty
(C:\Users\anden\AppData\Local\Programs\MiKTeX\tex/generic/uniquecounter\uniquec
ounter.sty)))
(C:\Users\anden\AppData\Local\Programs\MiKTeX\tex/latex/fancyhdr\fancyhdr.sty)
(C:\Users\anden\AppData\Local\Programs\MiKTeX\tex/latex/setspace\setspace.sty)
(C:\Users\anden\AppData\Local\Programs\MiKTeX\tex/latex/caption\caption.sty
(C:\Users\anden\AppData\Local\Programs\MiKTeX\tex/latex/caption\caption3.sty)
(C:\Users\anden\AppData\Local\Programs\MiKTeX\tex/latex/caption\ltcaption.sty))
 (C:\Users\anden\AppData\Local\Programs\MiKTeX\tex/latex/caption\subcaption.sty
) (C:\Users\anden\AppData\Local\Programs\MiKTeX\tex/latex/multirow\multirow.sty
) (C:\Users\anden\AppData\Local\Programs\MiKTeX\tex/latex/tools\array.sty)
(C:\Users\anden\AppData\Local\Programs\MiKTeX\tex/latex/l3backend\l3backend-pdf
tex.def)
No file analysis_report_simple.aux.
*geometry* driver: auto-detecting
*geometry* detected driver: pdftex

(C:\Users\anden\AppData\Local\Programs\MiKTeX\tex/context/base/mkii\supp-pdf.mk
ii
[Loading MPS to PDF converter (version 2006.09.02).]
)
(C:\Users\anden\AppData\Local\Programs\MiKTeX\tex/latex/epstopdf-pkg\epstopdf-b
ase.sty
(C:\Users\anden\AppData\Local\Programs\MiKTeX\tex/latex/00miktex\epstopdf-sys.c
fg)) (C:\Users\anden\AppData\Local\Programs\MiKTeX\tex/latex/graphics\color.sty
(C:\Users\anden\AppData\Local\Programs\MiKTeX\tex/latex/graphics-cfg\color.cfg)
(C:\Users\anden\AppData\Local\Programs\MiKTeX\tex/latex/graphics\mathcolor.ltx)
) (C:\Users\anden\AppData\Local\Programs\MiKTeX\tex/latex/amsfonts\umsa.fd)
(C:\Users\anden\AppData\Local\Programs\MiKTeX\tex/latex/amsfonts\umsb.fd)
No file analysis_report_simple.toc.
[1{C:/Users/anden/AppData/Local/MiKTeX/fonts/map/pdftex/pdftex.map}]

Package fancyhdr Warning: \headheight is too small (12.0pt): 
(fancyhdr)                Make it at least 13.59999pt, for example:
(fancyhdr)                \setlength{\headheight}{13.59999pt}.
(fancyhdr)                You might also make \topmargin smaller to compensate:

(fancyhdr)                \addtolength{\topmargin}{-1.59999pt}.

[2]

Package fancyhdr Warning: \headheight is too small (12.0pt): 
(fancyhdr)                Make it at least 13.59999pt, for example:
(fancyhdr)                \setlength{\headheight}{13.59999pt}.
(fancyhdr)                You might also make \topmargin smaller to compensate:

(fancyhdr)                \addtolength{\topmargin}{-1.59999pt}.

[3]
Overfull \hbox (27.36147pt too wide) in paragraph at lines 182--192
 [][] 

Package fancyhdr Warning: \headheight is too small (12.0pt): 
(fancyhdr)                Make it at least 13.59999pt, for example:
(fancyhdr)                \setlength{\headheight}{13.59999pt}.
(fancyhdr)                You might also make \topmargin smaller to compensate:

(fancyhdr)                \addtolength{\topmargin}{-1.59999pt}.

[4]

! LaTeX Error: Something's wrong--perhaps a missing \item.

See the LaTeX manual or LaTeX Companion for explanation.
Type  H <return>  for immediate help.
 ...                                              
                                                  
l.221     \item \textbf
                       {U.K. Costs}: Financial sector adjustment

! LaTeX Error: Something's wrong--perhaps a missing \item.

See the LaTeX manual or LaTeX Companion for explanation.
Type  H <return>  for immediate help.
 ...                                              
                                                  
l.221     \item \textbf
                       {U.K. Costs}: Financial sector adjustment

! LaTeX Error: Something's wrong--perhaps a missing \item.

See the LaTeX manual or LaTeX Companion for explanation.
Type  H <return>  for immediate help.
 ...                                              
                                                  
l.221     \item \textbf
                       {U.K. Costs}: Financial sector adjustment

! LaTeX Error: Something's wrong--perhaps a missing \item.

See the LaTeX manual or LaTeX Companion for explanation.
Type  H <return>  for immediate help.
 ...                                              
                                                  
l.222     \item \textbf
                       {Convergence Process}: Economic cycle synchronization

! LaTeX Error: Something's wrong--perhaps a missing \item.

See the LaTeX manual or LaTeX Companion for explanation.
Type  H <return>  for immediate help.
 ...                                              
                                                  
l.222     \item \textbf
                       {Convergence Process}: Economic cycle synchronization

! LaTeX Error: Something's wrong--perhaps a missing \item.

See the LaTeX manual or LaTeX Companion for explanation.
Type  H <return>  for immediate help.
 ...                                              
                                                  
l.222     \item \textbf
                       {Convergence Process}: Economic cycle synchronization

! LaTeX Error: Something's wrong--perhaps a missing \item.

See the LaTeX manual or LaTeX Companion for explanation.
Type  H <return>  for immediate help.
 ...                                              
                                                  
l.223     \item \textbf
                       {Monetary Policy}: ECB unified framework

! LaTeX Error: Something's wrong--perhaps a missing \item.

See the LaTeX manual or LaTeX Companion for explanation.
Type  H <return>  for immediate help.
 ...                                              
                                                  
l.223     \item \textbf
                       {Monetary Policy}: ECB unified framework

! LaTeX Error: Something's wrong--perhaps a missing \item.

See the LaTeX manual or LaTeX Companion for explanation.
Type  H <return>  for immediate help.
 ...                                              
                                                  
l.223     \item \textbf
                       {Monetary Policy}: ECB unified framework

! LaTeX Error: Something's wrong--perhaps a missing \item.

See the LaTeX manual or LaTeX Companion for explanation.
Type  H <return>  for immediate help.
 ...                                              
                                                  
l.224 \end{itemize}
                   

Package fancyhdr Warning: \headheight is too small (12.0pt): 
(fancyhdr)                Make it at least 13.59999pt, for example:
(fancyhdr)                \setlength{\headheight}{13.59999pt}.
(fancyhdr)                You might also make \topmargin smaller to compensate:

(fancyhdr)                \addtolength{\topmargin}{-1.59999pt}.

[5]

Package fancyhdr Warning: \headheight is too small (12.0pt): 
(fancyhdr)                Make it at least 13.59999pt, for example:
(fancyhdr)                \setlength{\headheight}{13.59999pt}.
(fancyhdr)                You might also make \topmargin smaller to compensate:

(fancyhdr)                \addtolength{\topmargin}{-1.59999pt}.

[6]

! LaTeX Error: Something's wrong--perhaps a missing \item.

See the LaTeX manual or LaTeX Companion for explanation.
Type  H <return>  for immediate help.
 ...                                              
                                                  
l.308     \item \textbf
                       {External Buffer}: Protection against external shocks

! LaTeX Error: Something's wrong--perhaps a missing \item.

See the LaTeX manual or LaTeX Companion for explanation.
Type  H <return>  for immediate help.
 ...                                              
                                                  
l.308     \item \textbf
                       {External Buffer}: Protection against external shocks

! LaTeX Error: Something's wrong--perhaps a missing \item.

See the LaTeX manual or LaTeX Companion for explanation.
Type  H <return>  for immediate help.
 ...                                              
                                                  
l.308     \item \textbf
                       {External Buffer}: Protection against external shocks

! LaTeX Error: Something's wrong--perhaps a missing \item.

See the LaTeX manual or LaTeX Companion for explanation.
Type  H <return>  for immediate help.
 ...                                              
                                                  
l.309     \item \textbf
                       {Policy Flexibility}: Greater monetary and fiscal pol...


! LaTeX Error: Something's wrong--perhaps a missing \item.

See the LaTeX manual or LaTeX Companion for explanation.
Type  H <return>  for immediate help.
 ...                                              
                                                  
l.309     \item \textbf
                       {Policy Flexibility}: Greater monetary and fiscal pol...


! LaTeX Error: Something's wrong--perhaps a missing \item.

See the LaTeX manual or LaTeX Companion for explanation.
Type  H <return>  for immediate help.
 ...                                              
                                                  
l.309     \item \textbf
                       {Policy Flexibility}: Greater monetary and fiscal pol...


! LaTeX Error: Something's wrong--perhaps a missing \item.

See the LaTeX manual or LaTeX Companion for explanation.
Type  H <return>  for immediate help.
 ...                                              
                                                  
l.310     \item \textbf
                       {International Influence}: Enhanced global economic role


! LaTeX Error: Something's wrong--perhaps a missing \item.

See the LaTeX manual or LaTeX Companion for explanation.
Type  H <return>  for immediate help.
 ...                                              
                                                  
l.310     \item \textbf
                       {International Influence}: Enhanced global economic role


! LaTeX Error: Something's wrong--perhaps a missing \item.

See the LaTeX manual or LaTeX Companion for explanation.
Type  H <return>  for immediate help.
 ...                                              
                                                  
l.310     \item \textbf
                       {International Influence}: Enhanced global economic role


! LaTeX Error: Something's wrong--perhaps a missing \item.

See the LaTeX manual or LaTeX Companion for explanation.
Type  H <return>  for immediate help.
 ...                                              
                                                  
l.311 \end{itemize}
                   

Package fancyhdr Warning: \headheight is too small (12.0pt): 
(fancyhdr)                Make it at least 13.59999pt, for example:
(fancyhdr)                \setlength{\headheight}{13.59999pt}.
(fancyhdr)                You might also make \topmargin smaller to compensate:

(fancyhdr)                \addtolength{\topmargin}{-1.59999pt}.

[7]

Package fancyhdr Warning: \headheight is too small (12.0pt): 
(fancyhdr)                Make it at least 13.59999pt, for example:
(fancyhdr)                \setlength{\headheight}{13.59999pt}.
(fancyhdr)                You might also make \topmargin smaller to compensate:

(fancyhdr)                \addtolength{\topmargin}{-1.59999pt}.

[8]

Package fancyhdr Warning: \headheight is too small (12.0pt): 
(fancyhdr)                Make it at least 13.59999pt, for example:
(fancyhdr)                \setlength{\headheight}{13.59999pt}.
(fancyhdr)                You might also make \topmargin smaller to compensate:

(fancyhdr)                \addtolength{\topmargin}{-1.59999pt}.

[9]

Package fancyhdr Warning: \headheight is too small (12.0pt): 
(fancyhdr)                Make it at least 13.59999pt, for example:
(fancyhdr)                \setlength{\headheight}{13.59999pt}.
(fancyhdr)                You might also make \topmargin smaller to compensate:

(fancyhdr)                \addtolength{\topmargin}{-1.59999pt}.

[10] (analysis_report_simple.aux)

Package rerunfilecheck Warning: File `analysis_report_simple.out' has changed.
(rerunfilecheck)                Rerun to get outlines right
(rerunfilecheck)                or use package `bookmark'.

 )
(see the transcript file for additional information) <C:\Users\anden\AppData\Lo
cal\MiKTeX\fonts/pk/ljfour/jknappen/ec/dpi600\ecbx1095.pk> <C:\Users\anden\AppD
ata\Local\MiKTeX\fonts/pk/ljfour/jknappen/ec/dpi600\tcrm1095.pk> <C:\Users\ande
n\AppData\Local\MiKTeX\fonts/pk/ljfour/jknappen/ec/dpi600\ecbx1200.pk> <C:\User
s\anden\AppData\Local\MiKTeX\fonts/pk/ljfour/jknappen/ec/dpi600\ecrm1095.pk> <C
:\Users\anden\AppData\Local\MiKTeX\fonts/pk/ljfour/jknappen/ec/dpi600\ecbx1440.
pk> <C:\Users\anden\AppData\Local\MiKTeX\fonts/pk/ljfour/jknappen/ec/dpi600\ecr
m1000.pk> <C:\Users\anden\AppData\Local\MiKTeX\fonts/pk/ljfour/jknappen/ec/dpi6
00\ecbx1000.pk> <C:\Users\anden\AppData\Local\MiKTeX\fonts/pk/ljfour/jknappen/e
c/dpi600\ecrm1200.pk> <C:\Users\anden\AppData\Local\MiKTeX\fonts/pk/ljfour/jkna
ppen/ec/dpi600\ecbx1728.pk><C:/Users/anden/AppData/Local/Programs/MiKTeX/fonts/
type1/public/amsfonts/cm/cmmi10.pfb><C:/Users/anden/AppData/Local/Programs/MiKT
eX/fonts/type1/public/amsfonts/cm/cmr10.pfb><C:/Users/anden/AppData/Local/Progr
ams/MiKTeX/fonts/type1/public/amsfonts/cm/cmsy10.pfb>
Output written on analysis_report_simple.pdf (10 pages, 175561 bytes).
Transcript written on analysis_report_simple.log.
